BL51 BANKED LINKER/LOCATER V6.22                                                        08/19/2017  14:51:00  PAGE 1


BL51 BANKED LINKER/LOCATER V6.22, INVOKED BY:
C:\KEIL\C51\BIN\BL51.EXE STARTUP.obj, 万年历程序lcd1602.obj TO wnl RAMSIZE (256)


MEMORY MODEL: SMALL WITH FLOATING POINT ARITHMETIC


INPUT MODULES INCLUDED:
  STARTUP.obj (?C_STARTUP)
  万年历程序lcd1602.obj (万年繽程序LCD1602)
  C:\KEIL\C51\LIB\C51FPS.LIB (?C?FPADD)
  C:\KEIL\C51\LIB\C51FPS.LIB (?C?FPMUL)
  C:\KEIL\C51\LIB\C51FPS.LIB (?C?FCAST)
  C:\KEIL\C51\LIB\C51FPS.LIB (?C?CASTF)
  C:\KEIL\C51\LIB\C51FPS.LIB (?C?FPGETOPN)
  C:\KEIL\C51\LIB\C51S.LIB (?C_INIT)
  C:\KEIL\C51\LIB\C51S.LIB (?C?SCDIV)
  C:\KEIL\C51\LIB\C51S.LIB (?C?IMUL)
  C:\KEIL\C51\LIB\C51S.LIB (?C?UIDIV)
  C:\KEIL\C51\LIB\C51S.LIB (?C?LNEG)


LINK MAP OF MODULE:  wnl (?C_STARTUP)


            TYPE    BASE      LENGTH    RELOCATION   SEGMENT NAME
            -----------------------------------------------------

            * * * * * * *   D A T A   M E M O R Y   * * * * * * *
            REG     0000H     0008H     ABSOLUTE     "REG BANK 0"
            DATA    0008H     0011H     UNIT         _DATA_GROUP_
                    0019H     0007H                  *** GAP ***
            BIT     0020H.0   0000H.6   UNIT         ?BI?万年繽程序LCD1602
            BIT     0020H.6   0000H.3   UNIT         _BIT_GROUP_
                    0021H.1   0000H.7                *** GAP ***
            DATA    0022H     001AH     UNIT         ?DT?万年繽程序LCD1602
            IDATA   003CH     0001H     UNIT         ?STACK

            * * * * * * *   C O D E   M E M O R Y   * * * * * * *
            CODE    0000H     0003H     ABSOLUTE     
                    0003H     0008H                  *** GAP ***
            CODE    000BH     0003H     ABSOLUTE     
            CODE    000EH     000CH     UNIT         ?PR?ISP_IAP_ENABLE?万年繽程序LCD1602
                    001AH     0001H                  *** GAP ***
            CODE    001BH     0003H     ABSOLUTE     
            CODE    001EH     0590H     UNIT         ?PR?KEYSCAN?万年繽程序LCD1602
            CODE    05AEH     0354H     UNIT         ?C?LIB_CODE
            CODE    0902H     02CEH     UNIT         ?CO?万年繽程序LCD1602
            CODE    0BD0H     024DH     UNIT         ?PR?TIMER0?万年繽程序LCD1602
            CODE    0E1DH     0233H     UNIT         ?PR?CONVERSION?万年繽程序LCD1602
            CODE    1050H     014BH     UNIT         ?PR?_GET_MOON_DAY?万年繽程序LCD1602
            CODE    119BH     0093H     UNIT         ?PR?_WRITE_WEEK?万年繽程序LCD1602
            CODE    122EH     008CH     UNIT         ?C_C51STARTUP
            CODE    12BAH     0077H     UNIT         ?PR?MAIN?万年繽程序LCD1602
            CODE    1331H     006CH     UNIT         ?PR?_WRITE_TEMP?万年繽程序LCD1602
            CODE    139DH     006AH     UNIT         ?PR?READTEMPERATURE?万年繽程序LCD1602
            CODE    1407H     0055H     UNIT         ?PR?ALARM?万年繽程序LCD1602
            CODE    145CH     004FH     UNIT         ?PR?LCD_INIT?万年繽程序LCD1602
BL51 BANKED LINKER/LOCATER V6.22                                                      08/19/2017  14:51:00  PAGE 2


            CODE    14ABH     0034H     UNIT         ?PR?_WRITE_1302?万年繽程序LCD1602
            CODE    14DFH     002EH     UNIT         ?PR?_CONVER_WEEK?万年繽程序LCD1602
            CODE    150DH     002DH     UNIT         ?PR?_WRITE_1602DAT?万年繽程序LCD1602
            CODE    153AH     0028H     UNIT         ?PR?INIT_DS18B20?万年繽程序LCD1602
            CODE    1562H     0028H     UNIT         ?PR?_DELAY?万年繽程序LCD1602
            CODE    158AH     0028H     UNIT         ?PR?_WRITE_SFM?万年繽程序LCD1602
            CODE    15B2H     0026H     UNIT         ?PR?_WRITE_NYR?万年繽程序LCD1602
            CODE    15D8H     0024H     UNIT         ?PR?WRITE_EEPROM?万年繽程序LCD1602
            CODE    15FCH     0022H     UNIT         ?PR?READ_EEPROM?万年繽程序LCD1602
            CODE    161EH     001EH     UNIT         ?PR?READONECHAR?万年繽程序LCD1602
            CODE    163CH     001EH     UNIT         ?PR?_WRITE_1602COM?万年繽程序LCD1602
            CODE    165AH     001DH     UNIT         ?PR?INIT?万年繽程序LCD1602
            CODE    1677H     001CH     UNIT         ?PR?_BYTE_READ?万年繽程序LCD1602
            CODE    1693H     001CH     UNIT         ?PR?_BYTE_WRITE?万年繽程序LCD1602
            CODE    16AFH     001BH     UNIT         ?PR?TIMER1?万年繽程序LCD1602
            CODE    16CAH     001AH     UNIT         ?PR?_WRITEONECHAR?万年繽程序LCD1602
            CODE    16E4H     001AH     UNIT         ?PR?_WRITE_BYTE?万年繽程序LCD1602
            CODE    16FEH     0019H     UNIT         ?PR?_WRITE_NL?万年繽程序LCD1602
            CODE    1717H     0018H     UNIT         ?PR?INIT_EEPROM?万年繽程序LCD1602
            CODE    172FH     0018H     UNIT         ?PR?ZD_BAOSHI?万年繽程序LCD1602
            CODE    1747H     0015H     UNIT         ?PR?_SECTORERASE?万年繽程序LCD1602
            CODE    175CH     0014H     UNIT         ?PR?READ_BYTE?万年繽程序LCD1602
            CODE    1770H     0012H     UNIT         ?PR?_BCD_DECIMAL?万年繽程序LCD1602
            CODE    1782H     000EH     UNIT         ?PR?DS1302_INIT?万年繽程序LCD1602
            CODE    1790H     000BH     UNIT         ?PR?ISPGOON?万年繽程序LCD1602
            CODE    179BH     000BH     UNIT         ?PR?_DELAYNS?万年繽程序LCD1602
            CODE    17A6H     000BH     UNIT         ?PR?_READ_1302?万年繽程序LCD1602
            CODE    17B1H     000BH     UNIT         ?C_INITSEG
            CODE    17BCH     0009H     UNIT         ?PR?ISP_IAP_DISABLE?万年繽程序LCD1602



OVERLAY MAP OF MODULE:   wnl (?C_STARTUP)


SEGMENT                                          BIT_GROUP          DATA_GROUP 
  +--> CALLED SEGMENT                         START    LENGTH     START    LENGTH
---------------------------------------------------------------------------------
?C_C51STARTUP                                 -----    -----      -----    -----
  +--> ?PR?MAIN?万年繽程序LCD1602
  +--> ?C_INITSEG

?PR?MAIN?万年繽程序LCD1602                    -----    -----      -----    -----
  +--> ?PR?INIT_EEPROM?万年繽程序LCD1602
  +--> ?PR?READTEMPERATURE?万年繽程序LCD1602
  +--> ?PR?LCD_INIT?万年繽程序LCD1602
  +--> ?PR?DS1302_INIT?万年繽程序LCD1602
  +--> ?PR?INIT?万年繽程序LCD1602
  +--> ?PR?_DELAY?万年繽程序LCD1602
  +--> ?PR?KEYSCAN?万年繽程序LCD1602
  +--> ?PR?ALARM?万年繽程序LCD1602
  +--> ?PR?ZD_BAOSHI?万年繽程序LCD1602

?PR?INIT_EEPROM?万年繽程序LCD1602             -----    -----      -----    -----
  +--> ?PR?READ_EEPROM?万年繽程序LCD1602
  +--> ?PR?WRITE_EEPROM?万年繽程序LCD1602

BL51 BANKED LINKER/LOCATER V6.22                                                      08/19/2017  14:51:00  PAGE 3


?PR?READ_EEPROM?万年繽程序LCD1602             -----    -----      -----    -----
  +--> ?PR?_BYTE_READ?万年繽程序LCD1602

?PR?_BYTE_READ?万年繽程序LCD1602              -----    -----      -----    -----
  +--> ?PR?ISPGOON?万年繽程序LCD1602
  +--> ?PR?ISP_IAP_DISABLE?万年繽程序LCD1602

?PR?ISPGOON?万年繽程序LCD1602                 -----    -----      -----    -----
  +--> ?PR?ISP_IAP_ENABLE?万年繽程序LCD1602

?PR?WRITE_EEPROM?万年繽程序LCD1602            -----    -----      -----    -----
  +--> ?PR?_SECTORERASE?万年繽程序LCD1602
  +--> ?PR?_BYTE_WRITE?万年繽程序LCD1602

?PR?_SECTORERASE?万年繽程序LCD1602            -----    -----      -----    -----
  +--> ?PR?ISPGOON?万年繽程序LCD1602
  +--> ?PR?ISP_IAP_DISABLE?万年繽程序LCD1602

?PR?_BYTE_WRITE?万年繽程序LCD1602             -----    -----      -----    -----
  +--> ?PR?ISPGOON?万年繽程序LCD1602
  +--> ?PR?ISP_IAP_DISABLE?万年繽程序LCD1602

?PR?READTEMPERATURE?万年繽程序LCD1602         -----    -----      0010H    0004H
  +--> ?PR?INIT_DS18B20?万年繽程序LCD1602
  +--> ?PR?_WRITEONECHAR?万年繽程序LCD1602
  +--> ?PR?READONECHAR?万年繽程序LCD1602

?PR?INIT_DS18B20?万年繽程序LCD1602            -----    -----      -----    -----
  +--> ?PR?_DELAYNS?万年繽程序LCD1602

?PR?_WRITEONECHAR?万年繽程序LCD1602           -----    -----      -----    -----
  +--> ?PR?_DELAYNS?万年繽程序LCD1602

?PR?READONECHAR?万年繽程序LCD1602             -----    -----      -----    -----
  +--> ?PR?_DELAYNS?万年繽程序LCD1602

?PR?LCD_INIT?万年繽程序LCD1602                -----    -----      -----    -----
  +--> ?PR?_WRITE_1602COM?万年繽程序LCD1602
  +--> ?CO?万年繽程序LCD1602
  +--> ?PR?_WRITE_1602DAT?万年繽程序LCD1602

?PR?_WRITE_1602COM?万年繽程序LCD1602          -----    -----      -----    -----
  +--> ?PR?_DELAY?万年繽程序LCD1602

?PR?_WRITE_1602DAT?万年繽程序LCD1602          -----    -----      -----    -----
  +--> ?CO?万年繽程序LCD1602
  +--> ?PR?_DELAY?万年繽程序LCD1602

?PR?DS1302_INIT?万年繽程序LCD1602             -----    -----      -----    -----
  +--> ?PR?_WRITE_1302?万年繽程序LCD1602

?PR?_WRITE_1302?万年繽程序LCD1602             -----    -----      -----    -----
  +--> ?PR?_WRITE_SFM?万年繽程序LCD1602
  +--> ?PR?_WRITE_BYTE?万年繽程序LCD1602

?PR?_WRITE_SFM?万年繽程序LCD1602              -----    -----      -----    -----
  +--> ?PR?_WRITE_1602COM?万年繽程序LCD1602
BL51 BANKED LINKER/LOCATER V6.22                                                      08/19/2017  14:51:00  PAGE 4


  +--> ?PR?_WRITE_1602DAT?万年繽程序LCD1602

?PR?KEYSCAN?万年繽程序LCD1602                 -----    -----      -----    -----
  +--> ?PR?_DELAY?万年繽程序LCD1602
  +--> ?PR?_WRITE_1602COM?万年繽程序LCD1602
  +--> ?CO?万年繽程序LCD1602
  +--> ?PR?_WRITE_1602DAT?万年繽程序LCD1602
  +--> ?PR?_WRITE_SFM?万年繽程序LCD1602
  +--> ?PR?_WRITE_1302?万年繽程序LCD1602
  +--> ?PR?_WRITE_WEEK?万年繽程序LCD1602
  +--> ?PR?_WRITE_NYR?万年繽程序LCD1602
  +--> ?PR?WRITE_EEPROM?万年繽程序LCD1602

?PR?_WRITE_WEEK?万年繽程序LCD1602             -----    -----      -----    -----
  +--> ?PR?_CONVER_WEEK?万年繽程序LCD1602
  +--> ?PR?_WRITE_1602COM?万年繽程序LCD1602
  +--> ?PR?_WRITE_1602DAT?万年繽程序LCD1602

?PR?_CONVER_WEEK?万年繽程序LCD1602            -----    -----      -----    -----
  +--> ?CO?万年繽程序LCD1602

?PR?_WRITE_NYR?万年繽程序LCD1602              -----    -----      -----    -----
  +--> ?PR?_WRITE_1602COM?万年繽程序LCD1602
  +--> ?PR?_WRITE_1602DAT?万年繽程序LCD1602

?PR?ZD_BAOSHI?万年繽程序LCD1602               -----    -----      -----    -----
  +--> ?PR?_DELAY?万年繽程序LCD1602

*** NEW ROOT ***************************************************

?PR?TIMER0?万年繽程序LCD1602                  -----    -----      000CH    0004H
  +--> ?PR?_BCD_DECIMAL?万年繽程序LCD1602
  +--> ?PR?_READ_1302?万年繽程序LCD1602
  +--> ?PR?CONVERSION?万年繽程序LCD1602
  +--> ?PR?_WRITE_1602COM?万年繽程序LCD1602
  +--> ?CO?万年繽程序LCD1602
  +--> ?PR?_WRITE_1602DAT?万年繽程序LCD1602
  +--> ?PR?_WRITE_NL?万年繽程序LCD1602
  +--> ?PR?KEYSCAN?万年繽程序LCD1602
  +--> ?PR?_WRITE_SFM?万年繽程序LCD1602
  +--> ?PR?READTEMPERATURE?万年繽程序LCD1602
  +--> ?PR?_WRITE_TEMP?万年繽程序LCD1602
  +--> ?PR?_WRITE_NYR?万年繽程序LCD1602
  +--> ?PR?_WRITE_WEEK?万年繽程序LCD1602

?PR?_BCD_DECIMAL?万年繽程序LCD1602            -----    -----      -----    -----
  +--> ?PR?_READ_1302?万年繽程序LCD1602

?PR?_READ_1302?万年繽程序LCD1602              -----    -----      -----    -----
  +--> ?PR?_WRITE_BYTE?万年繽程序LCD1602
  +--> ?PR?READ_BYTE?万年繽程序LCD1602

?PR?CONVERSION?万年繽程序LCD1602              0020H.6  0000H.3    0010H    0009H
  +--> ?CO?万年繽程序LCD1602
  +--> ?PR?_GET_MOON_DAY?万年繽程序LCD1602

?PR?_GET_MOON_DAY?万年繽程序LCD1602           -----    -----      -----    -----
BL51 BANKED LINKER/LOCATER V6.22                                                      08/19/2017  14:51:00  PAGE 5


  +--> ?CO?万年繽程序LCD1602

?PR?_WRITE_NL?万年繽程序LCD1602               -----    -----      -----    -----
  +--> ?PR?_WRITE_1602COM?万年繽程序LCD1602
  +--> ?PR?_WRITE_1602DAT?万年繽程序LCD1602

?PR?_WRITE_TEMP?万年繽程序LCD1602             -----    -----      0010H    0003H
  +--> ?PR?_WRITE_1602COM?万年繽程序LCD1602
  +--> ?PR?_WRITE_1602DAT?万年繽程序LCD1602



SYMBOL TABLE OF MODULE:  wnl (?C_STARTUP)

  VALUE           TYPE          NAME
  ----------------------------------

  -------         MODULE        ?C_STARTUP
  C:122EH         SEGMENT       ?C_C51STARTUP
  I:003CH         SEGMENT       ?STACK
  C:0000H         PUBLIC        ?C_STARTUP
  D:00E0H         SYMBOL        ACC
  D:00F0H         SYMBOL        B
  D:0083H         SYMBOL        DPH
  D:0082H         SYMBOL        DPL
  N:0000H         SYMBOL        IBPSTACK
  N:0100H         SYMBOL        IBPSTACKTOP
  N:0080H         SYMBOL        IDATALEN
  C:1231H         SYMBOL        IDATALOOP
  N:0000H         SYMBOL        PBPSTACK
  N:0000H         SYMBOL        PBPSTACKTOP
  N:0000H         SYMBOL        PDATALEN
  N:0000H         SYMBOL        PDATASTART
  N:0000H         SYMBOL        PPAGE
  N:0000H         SYMBOL        PPAGEENABLE
  D:00A0H         SYMBOL        PPAGE_SFR
  D:0081H         SYMBOL        SP
  C:122EH         SYMBOL        STARTUP1
  N:0000H         SYMBOL        XBPSTACK
  N:0000H         SYMBOL        XBPSTACKTOP
  N:0000H         SYMBOL        XDATALEN
  N:0000H         SYMBOL        XDATASTART
  C:0000H         LINE#         92
  C:122EH         LINE#         99
  C:1230H         LINE#         100
  C:1231H         LINE#         101
  C:1232H         LINE#         102
  C:1234H         LINE#         151
  C:1237H         LINE#         155
  -------         ENDMOD        ?C_STARTUP

  -------         MODULE        万年繽程序LCD1602
  C:0000H         SYMBOL        _ICE_DUMMY_
  B:00E0H.7       PUBLIC        ACC7
  B:0020H.0       PUBLIC        c_moon
  C:14DFH         PUBLIC        _Conver_week
  D:0080H         PUBLIC        P0
BL51 BANKED LINKER/LOCATER V6.22                                                      08/19/2017  14:51:00  PAGE 6


  D:0022H         PUBLIC        bltime
  D:0090H         PUBLIC        P1
  D:00A0H         PUBLIC        P2
  D:00B0H         PUBLIC        P3
  D:0023H         PUBLIC        nz_fen
  D:00E6H         PUBLIC        ISP_TRIG
  B:00A8H.7       PUBLIC        EA
  C:15FCH         PUBLIC        read_eeprom
  C:0BA9H         PUBLIC        NZd
  D:00A8H         PUBLIC        IE
  D:0024H         PUBLIC        nz_shi
  C:1407H         PUBLIC        alarm
  C:156CH         PUBLIC        _delay
  C:1521H         PUBLIC        _write_1602dat
  C:139DH         PUBLIC        ReadTemperature
  B:00B0H.7       PUBLIC        DQ
  B:0090H.1       PUBLIC        IO
  D:00B8H         PUBLIC        IP
  C:1641H         PUBLIC        _write_1602com
  C:0B66H         PUBLIC        table_week
  C:15D8H         PUBLIC        write_eeprom
  D:0025H         PUBLIC        flag
  C:153AH         PUBLIC        Init_DS18B20
  D:0027H         PUBLIC        shangyimiao
  D:00E5H         PUBLIC        ISP_CMD
  D:0028H         PUBLIC        a_a
  C:161EH         PUBLIC        ReadOneChar
  C:1717H         PUBLIC        init_eeprom
  C:1790H         PUBLIC        ISPgoon
  B:00A0H.0       PUBLIC        buzzer
  C:12BAH         PUBLIC        main
  D:0029H         PUBLIC        nian
  D:002AH         PUBLIC        miao
  B:00B0H.1       PUBLIC        add
  B:0020H.1       PUBLIC        NZ_sdgb
  C:0E1DH         PUBLIC        Conversion
  B:00B0H.2       PUBLIC        dec
  D:002BH         PUBLIC        week
  B:0090H.0       PUBLIC        SCLK
  C:0902H         PUBLIC        year_code
  D:00E3H         PUBLIC        ISP_ADDRH
  C:16CAH         PUBLIC        _WriteOneChar
  D:0098H         PUBLIC        SCON
  C:175CH         PUBLIC        read_byte
  C:1677H         PUBLIC        _byte_read
  D:0089H         PUBLIC        TMOD
  D:0088H         PUBLIC        TCON
  C:165AH         PUBLIC        init
  C:1782H         PUBLIC        ds1302_init
  B:00A0H.4       PUBLIC        led
  D:00E4H         PUBLIC        ISP_ADDRL
  D:002CH         PUBLIC        temp
  D:002DH         PUBLIC        fen
  D:002EH         PUBLIC        setn
  C:11A6H         PUBLIC        _write_week
  D:002FH         PUBLIC        temp_miao
  B:0020H.2       PUBLIC        p_r
BL51 BANKED LINKER/LOCATER V6.22                                                      08/19/2017  14:51:00  PAGE 7


  D:0030H         PUBLIC        bsn
  C:17A6H         PUBLIC        _read_1302
  C:16EAH         PUBLIC        _write_byte
  D:0031H         PUBLIC        month_moon
  D:0032H         PUBLIC        shi
  C:1693H         PUBLIC        _byte_write
  C:1331H         PUBLIC        _write_temp
  D:00E0H         PUBLIC        ACC
  B:00A8H.1       PUBLIC        ET0
  B:00A8H.3       PUBLIC        ET1
  C:145CH         PUBLIC        lcd_init
  C:0B87H         PUBLIC        nlp
  D:008CH         PUBLIC        TH0
  C:0B98H         PUBLIC        nlr
  B:00B0H.0       PUBLIC        set
  B:0088H.0       PUBLIC        IT0
  D:008DH         PUBLIC        TH1
  B:0088H.2       PUBLIC        IT1
  D:0033H         PUBLIC        year_moon
  D:008AH         PUBLIC        TL0
  D:008BH         PUBLIC        TL1
  B:00A0H.7       PUBLIC        en
  C:0BD0H         PUBLIC        timer0
  C:179BH         PUBLIC        _Delayns
  D:0034H         PUBLIC        yue
  C:16AFH         PUBLIC        timer1
  C:14D0H         PUBLIC        _write_1302
  D:00E7H         PUBLIC        ISP_CONTR
  C:1595H         PUBLIC        _write_sfm
  B:0088H.4       PUBLIC        TR0
  D:0035H         PUBLIC        T_NL_NZ
  B:0088H.6       PUBLIC        TR1
  D:0036H         PUBLIC        temp_hour
  D:0037H         PUBLIC        day_moon
  D:0038H         PUBLIC        ri
  C:0BBAH         PUBLIC        qk
  D:0039H         PUBLIC        count1
  C:1773H         PUBLIC        _BCD_Decimal
  D:003AH         PUBLIC        a
  C:0BCBH         PUBLIC        tm
  C:17BCH         PUBLIC        ISP_IAP_disable
  B:0020H.3       PUBLIC        timerOn
  B:00B0H.3       PUBLIC        seeNL_NZ
  D:003BH         PUBLIC        setNZn
  B:00A0H.5       PUBLIC        rs
  B:0020H.4       PUBLIC        led1
  C:1747H         PUBLIC        _SectorErase
  D:00C8H         PUBLIC        T2CON
  D:00E2H         PUBLIC        ISP_DATA
  C:16FEH         PUBLIC        _write_nl
  C:15B6H         PUBLIC        _write_nyr
  C:0B72H         PUBLIC        tab1
  B:00A0H.6       PUBLIC        rw
  C:0B7EH         PUBLIC        tab2
  C:0B57H         PUBLIC        day_code1
  C:0B60H         PUBLIC        day_code2
  C:001EH         PUBLIC        keyscan
BL51 BANKED LINKER/LOCATER V6.22                                                      08/19/2017  14:51:00  PAGE 8


  C:000EH         PUBLIC        ISP_IAP_enable
  B:00E0H.0       PUBLIC        ACC0
  C:172FH         PUBLIC        ZD_baoshi
  B:0020H.5       PUBLIC        baoshi
  B:0090H.2       PUBLIC        RST
  D:00D0H         PUBLIC        PSW
  C:1056H         PUBLIC        _get_moon_day
  -------         PROC          ISP_IAP_ENABLE
  C:000EH         LINE#         42
  C:000EH         LINE#         43
  C:000EH         LINE#         44
  C:0010H         LINE#         45
  C:0013H         LINE#         46
  C:0016H         LINE#         47
  C:0019H         LINE#         48
  -------         ENDPROC       ISP_IAP_ENABLE
  -------         PROC          ISP_IAP_DISABLE
  C:17BCH         LINE#         50
  C:17BCH         LINE#         51
  C:17BCH         LINE#         52
  C:17BFH         LINE#         53
  C:17C2H         LINE#         54
  C:17C4H         LINE#         55
  -------         ENDPROC       ISP_IAP_DISABLE
  -------         PROC          ISPGOON
  C:1790H         LINE#         57
  C:1790H         LINE#         58
  C:1790H         LINE#         59
  C:1793H         LINE#         60
  C:1796H         LINE#         61
  C:1799H         LINE#         62
  C:179AH         LINE#         63
  -------         ENDPROC       ISPGOON
  -------         PROC          _BYTE_READ
  D:0004H         SYMBOL        byte_addr
  C:1677H         LINE#         65
  C:167BH         LINE#         66
  C:167BH         LINE#         67
  C:167DH         LINE#         68
  C:167FH         LINE#         69
  C:1682H         LINE#         70
  C:1685H         LINE#         71
  C:1688H         LINE#         72
  C:168BH         LINE#         73
  C:168EH         LINE#         74
  C:1690H         LINE#         75
  C:1692H         LINE#         76
  -------         ENDPROC       _BYTE_READ
  -------         PROC          _SECTORERASE
  D:0006H         SYMBOL        sector_addr
  -------         DO            
  D:0006H         SYMBOL        iSectorAddr
  -------         ENDDO         
  C:1747H         LINE#         78
  C:1747H         LINE#         79
  C:1747H         LINE#         81
  C:174BH         LINE#         82
BL51 BANKED LINKER/LOCATER V6.22                                                      08/19/2017  14:51:00  PAGE 9


  C:174DH         LINE#         83
  C:1750H         LINE#         84
  C:1753H         LINE#         85
  C:1756H         LINE#         86
  C:1759H         LINE#         87
  -------         ENDPROC       _SECTORERASE
  -------         PROC          _BYTE_WRITE
  D:0002H         SYMBOL        byte_addr
  D:0005H         SYMBOL        original_data
  C:1693H         LINE#         90
  C:1697H         LINE#         91
  C:1697H         LINE#         92
  C:1699H         LINE#         94
  C:169BH         LINE#         95
  C:169EH         LINE#         96
  C:16A1H         LINE#         97
  C:16A4H         LINE#         98
  C:16A6H         LINE#         99
  C:16A9H         LINE#         100
  C:16ACH         LINE#         101
  C:16AEH         LINE#         102
  -------         ENDPROC       _BYTE_WRITE
  -------         PROC          WRITE_EEPROM
  C:15D8H         LINE#         69
  C:15D8H         LINE#         70
  C:15D8H         LINE#         71
  C:15DFH         LINE#         72
  C:15E6H         LINE#         73
  C:15ECH         LINE#         74
  C:15F5H         LINE#         75
  -------         ENDPROC       WRITE_EEPROM
  -------         PROC          READ_EEPROM
  C:15FCH         LINE#         79
  C:15FCH         LINE#         80
  C:15FCH         LINE#         81
  C:1605H         LINE#         82
  C:160CH         LINE#         83
  C:1616H         LINE#         84
  C:161DH         LINE#         85
  -------         ENDPROC       READ_EEPROM
  -------         PROC          INIT_EEPROM
  C:1717H         LINE#         88
  C:1717H         LINE#         89
  C:1717H         LINE#         90
  C:171AH         LINE#         91
  C:1720H         LINE#         92
  C:1720H         LINE#         93
  C:1723H         LINE#         94
  C:1726H         LINE#         95
  C:1728H         LINE#         96
  C:172BH         LINE#         97
  C:172EH         LINE#         98
  C:172EH         LINE#         99
  -------         ENDPROC       INIT_EEPROM
  C:1050H         SYMBOL        L?0386
  -------         PROC          L?0385
  -------         ENDPROC       L?0385
BL51 BANKED LINKER/LOCATER V6.22                                                      08/19/2017  14:51:00  PAGE 10


  C:1050H         SYMBOL        L?0386
  -------         PROC          _GET_MOON_DAY
  D:0007H         SYMBOL        month_p
  D:0004H         SYMBOL        table_addr
  -------         DO            
  D:0006H         SYMBOL        temp10
  -------         ENDDO         
  C:1056H         LINE#         319
  C:1056H         LINE#         320
  C:1056H         LINE#         322
  C:1095H         LINE#         323
  C:10A3H         LINE#         324
  C:10A9H         LINE#         325
  C:10B7H         LINE#         326
  C:10BDH         LINE#         327
  C:10CBH         LINE#         328
  C:10D1H         LINE#         329
  C:10DFH         LINE#         330
  C:10E5H         LINE#         331
  C:10F3H         LINE#         332
  C:10F9H         LINE#         333
  C:1107H         LINE#         334
  C:110DH         LINE#         335
  C:111BH         LINE#         336
  C:1121H         LINE#         337
  C:112FH         LINE#         338
  C:1135H         LINE#         339
  C:1143H         LINE#         340
  C:1149H         LINE#         341
  C:1157H         LINE#         342
  C:115DH         LINE#         343
  C:116BH         LINE#         344
  C:1171H         LINE#         345
  C:117FH         LINE#         346
  C:1185H         LINE#         347
  C:1193H         LINE#         348
  C:1199H         LINE#         349
  C:119AH         LINE#         350
  C:119AH         LINE#         351
  -------         ENDPROC       _GET_MOON_DAY
  -------         PROC          CONVERSION
  B:0020H.6       SYMBOL        c
  D:0010H         SYMBOL        year
  D:0011H         SYMBOL        month
  D:0012H         SYMBOL        day
  -------         DO            
  D:0003H         SYMBOL        temp1
  D:0002H         SYMBOL        temp2
  D:0013H         SYMBOL        temp3
  D:0014H         SYMBOL        month_p
  D:0015H         SYMBOL        temp4
  D:0017H         SYMBOL        table_addr
  B:0020H.7       SYMBOL        flag2
  B:0021H.0       SYMBOL        flag_y
  -------         ENDDO         
  C:0E1DH         LINE#         362
  C:0E1DH         LINE#         363
BL51 BANKED LINKER/LOCATER V6.22                                                      08/19/2017  14:51:00  PAGE 11


  C:0E1DH         LINE#         367
  C:0E23H         LINE#         368
  C:0E28H         LINE#         370
  C:0E2FH         LINE#         371
  C:0E35H         LINE#         372
  C:0E3AH         LINE#         374
  C:0E41H         LINE#         375
  C:0E47H         LINE#         376
  C:0E4CH         LINE#         378
  C:0E53H         LINE#         380
  C:0E58H         LINE#         381
  C:0E5DH         LINE#         382
  C:0E5FH         LINE#         383
  C:0E5FH         LINE#         384
  C:0E71H         LINE#         385
  C:0E71H         LINE#         388
  C:0E83H         LINE#         389
  C:0E8DH         LINE#         392
  C:0E91H         LINE#         395
  C:0E94H         LINE#         396
  C:0E97H         LINE#         397
  C:0E99H         LINE#         398
  C:0E99H         LINE#         399
  C:0E9EH         LINE#         400
  C:0E9EH         LINE#         408
  C:0EA7H         LINE#         409
  C:0EB0H         LINE#         410
  C:0EB2H         LINE#         411
  C:0EB2H         LINE#         412
  C:0ED1H         LINE#         413
  C:0ED1H         LINE#         414
  C:0EDEH         LINE#         415
  C:0EE6H         LINE#         416
  C:0EE6H         LINE#         419
  C:0EF3H         LINE#         420
  C:0EFDH         LINE#         421
  C:0F00H         LINE#         422
  C:0F03H         LINE#         423
  C:0F08H         LINE#         424
  C:0F0AH         LINE#         425
  C:0F11H         LINE#         426
  C:0F13H         LINE#         427
  C:0F24H         LINE#         428
  C:0F2EH         LINE#         429
  C:0F3BH         LINE#         430
  C:0F45H         LINE#         431
  C:0F47H         LINE#         432
  C:0F4CH         LINE#         433
  C:0F4EH         LINE#         434
  C:0F53H         LINE#         435
  C:0F55H         LINE#         436
  C:0F57H         LINE#         437
  C:0F5CH         LINE#         438
  C:0F63H         LINE#         439
  C:0F65H         LINE#         440
  C:0F67H         LINE#         441
  C:0F69H         LINE#         442
BL51 BANKED LINKER/LOCATER V6.22                                                      08/19/2017  14:51:00  PAGE 12


  C:0F6CH         LINE#         443
  C:0F6CH         LINE#         444
  C:0F73H         LINE#         445
  C:0F7EH         LINE#         446
  C:0F80H         LINE#         447
  C:0F8CH         LINE#         448
  C:0F8FH         LINE#         449
  C:0FA0H         LINE#         450
  C:0FAAH         LINE#         451
  C:0FACH         LINE#         452
  C:0FB1H         LINE#         454
  C:0FB4H         LINE#         458
  C:0FB6H         LINE#         459
  C:0FBBH         LINE#         460
  C:0FC2H         LINE#         461
  C:0FC4H         LINE#         462
  C:0FCAH         LINE#         463
  C:0FCFH         LINE#         464
  C:0FD1H         LINE#         465
  C:0FD6H         LINE#         466
  C:0FDDH         LINE#         467
  C:0FE2H         LINE#         468
  C:0FE9H         LINE#         469
  C:0FEBH         LINE#         470
  C:0FEDH         LINE#         471
  C:0FF4H         LINE#         472
  C:0FF4H         LINE#         473
  C:0FF8H         LINE#         474
  C:0FFFH         LINE#         475
  C:1009H         LINE#         476
  C:1011H         LINE#         477
  C:1015H         LINE#         478
  C:101CH         LINE#         479
  C:1026H         LINE#         480
  C:102EH         LINE#         481
  C:1032H         LINE#         482
  C:1039H         LINE#         483
  C:1043H         LINE#         484
  C:104BH         LINE#         485
  C:104FH         LINE#         486
  -------         ENDPROC       CONVERSION
  -------         PROC          _CONVER_WEEK
  D:0007H         SYMBOL        year
  D:0005H         SYMBOL        month
  D:0003H         SYMBOL        day
  -------         DO            
  D:0006H         SYMBOL        p1
  D:0006H         SYMBOL        p2
  -------         ENDDO         
  C:14DFH         LINE#         503
  C:14DFH         LINE#         504
  C:14DFH         LINE#         506
  C:14E3H         LINE#         507
  C:14E7H         LINE#         508
  C:14E8H         LINE#         509
  C:14EEH         LINE#         510
  C:14F8H         LINE#         511
BL51 BANKED LINKER/LOCATER V6.22                                                      08/19/2017  14:51:00  PAGE 13


  C:1504H         LINE#         512
  C:150CH         LINE#         513
  -------         ENDPROC       _CONVER_WEEK
  -------         PROC          _DELAYNS
  D:0006H         SYMBOL        num
  C:179BH         LINE#         530
  C:179BH         LINE#         531
  C:179BH         LINE#         532
  C:17A5H         LINE#         533
  -------         ENDPROC       _DELAYNS
  -------         PROC          INIT_DS18B20
  -------         DO            
  D:0005H         SYMBOL        x
  -------         ENDDO         
  C:153AH         LINE#         537
  C:153AH         LINE#         538
  C:153AH         LINE#         539
  C:153CH         LINE#         540
  C:153EH         LINE#         541
  C:1544H         LINE#         542
  C:1546H         LINE#         543
  C:154DH         LINE#         544
  C:154FH         LINE#         545
  C:1556H         LINE#         546
  C:155BH         LINE#         547
  -------         ENDPROC       INIT_DS18B20
  -------         PROC          READONECHAR
  -------         DO            
  D:0005H         SYMBOL        i
  D:0003H         SYMBOL        dat
  -------         ENDDO         
  C:161EH         LINE#         550
  C:161EH         LINE#         551
  C:161EH         LINE#         552
  C:161FH         LINE#         553
  C:1620H         LINE#         554
  C:1622H         LINE#         555
  C:1622H         LINE#         556
  C:1624H         LINE#         557
  C:1628H         LINE#         558
  C:162AH         LINE#         559
  C:162DH         LINE#         560
  C:1630H         LINE#         561
  C:1637H         LINE#         562
  C:1639H         LINE#         563
  C:163BH         LINE#         564
  -------         ENDPROC       READONECHAR
  -------         PROC          _WRITEONECHAR
  D:0005H         SYMBOL        dat
  -------         DO            
  D:0003H         SYMBOL        i
  -------         ENDDO         
  C:16CAH         LINE#         567
  C:16CCH         LINE#         568
  C:16CCH         LINE#         569
  C:16CCH         LINE#         570
  C:16CEH         LINE#         571
BL51 BANKED LINKER/LOCATER V6.22                                                      08/19/2017  14:51:00  PAGE 14


  C:16CEH         LINE#         572
  C:16D0H         LINE#         573
  C:16D4H         LINE#         574
  C:16DBH         LINE#         575
  C:16DDH         LINE#         576
  C:16E1H         LINE#         577
  C:16E3H         LINE#         578
  -------         ENDPROC       _WRITEONECHAR
  -------         PROC          READTEMPERATURE
  -------         DO            
  D:0002H         SYMBOL        a
  D:0007H         SYMBOL        b
  D:0004H         SYMBOL        t
  D:0010H         SYMBOL        tt
  -------         ENDDO         
  C:139DH         LINE#         580
  C:139DH         LINE#         581
  C:139DH         LINE#         582
  C:139FH         LINE#         583
  C:13A0H         LINE#         584
  C:13A2H         LINE#         585
  C:13AAH         LINE#         586
  C:13ADH         LINE#         587
  C:13B2H         LINE#         588
  C:13B7H         LINE#         589
  C:13BAH         LINE#         590
  C:13BFH         LINE#         591
  C:13C4H         LINE#         592
  C:13C9H         LINE#         593
  C:13CCH         LINE#         594
  C:13CEH         LINE#         595
  C:13D0H         LINE#         596
  C:13D2H         LINE#         597
  C:13E8H         LINE#         598
  C:1406H         LINE#         599
  C:1406H         LINE#         600
  -------         ENDPROC       READTEMPERATURE
  C:1562H         SYMBOL        L?0381
  C:1567H         SYMBOL        L?0382
  -------         PROC          L?0380
  -------         ENDPROC       L?0380
  C:1562H         SYMBOL        L?0381
  C:1567H         SYMBOL        L?0382
  -------         PROC          _DELAY
  D:0006H         SYMBOL        xms
  -------         DO            
  D:0006H         SYMBOL        x
  D:0004H         SYMBOL        y
  -------         ENDDO         
  C:156CH         LINE#         606
  C:156CH         LINE#         607
  C:156CH         LINE#         609
  C:1575H         LINE#         610
  C:1589H         LINE#         611
  -------         ENDPROC       _DELAY
  -------         PROC          L?0388
  -------         ENDPROC       L?0388
BL51 BANKED LINKER/LOCATER V6.22                                                      08/19/2017  14:51:00  PAGE 15


  -------         PROC          _WRITE_1602COM
  D:0007H         SYMBOL        com
  C:1641H         LINE#         617
  C:1641H         LINE#         618
  C:1641H         LINE#         619
  C:1643H         LINE#         620
  C:1645H         LINE#         621
  C:1647H         LINE#         622
  C:164EH         LINE#         623
  C:1650H         LINE#         624
  C:1657H         LINE#         625
  C:1659H         LINE#         626
  -------         ENDPROC       _WRITE_1602COM
  C:150DH         SYMBOL        L?0376
  C:151BH         SYMBOL        L?0377
  -------         PROC          L?0375
  -------         ENDPROC       L?0375
  C:150DH         SYMBOL        L?0376
  C:151BH         SYMBOL        L?0377
  -------         PROC          _WRITE_1602DAT
  D:0007H         SYMBOL        dat
  C:1521H         LINE#         629
  C:1521H         LINE#         630
  C:1521H         LINE#         631
  C:1523H         LINE#         632
  C:1525H         LINE#         633
  C:1527H         LINE#         634
  C:152EH         LINE#         635
  C:1530H         LINE#         636
  C:1537H         LINE#         637
  C:1539H         LINE#         638
  -------         ENDPROC       _WRITE_1602DAT
  -------         PROC          LCD_INIT
  C:145CH         LINE#         641
  C:145CH         LINE#         642
  C:145CH         LINE#         643
  C:1461H         LINE#         644
  C:1466H         LINE#         645
  C:146BH         LINE#         646
  C:1470H         LINE#         648
  C:1475H         LINE#         649
  C:1478H         LINE#         650
  C:1478H         LINE#         651
  C:1489H         LINE#         653
  C:1494H         LINE#         654
  C:1499H         LINE#         655
  C:149CH         LINE#         656
  C:149CH         LINE#         657
  C:149FH         LINE#         659
  C:14AAH         LINE#         661
  -------         ENDPROC       LCD_INIT
  -------         PROC          L?0391
  -------         ENDPROC       L?0391
  -------         PROC          _WRITE_BYTE
  D:0007H         SYMBOL        dat
  C:16EAH         LINE#         667
  C:16EAH         LINE#         668
BL51 BANKED LINKER/LOCATER V6.22                                                      08/19/2017  14:51:00  PAGE 16


  C:16EAH         LINE#         669
  C:16EBH         LINE#         670
  C:16EDH         LINE#         671
  C:16F0H         LINE#         672
  C:16F0H         LINE#         673
  C:16F4H         LINE#         674
  C:16F6H         LINE#         675
  C:16F8H         LINE#         676
  C:16FAH         LINE#         677
  C:16FDH         LINE#         678
  -------         ENDPROC       _WRITE_BYTE
  -------         PROC          READ_BYTE
  C:175CH         LINE#         679
  C:175CH         LINE#         680
  C:175CH         LINE#         681
  C:175EH         LINE#         682
  C:1761H         LINE#         683
  C:1761H         LINE#         684
  C:1765H         LINE#         685
  C:1767H         LINE#         686
  C:1769H         LINE#         687
  C:176BH         LINE#         688
  C:176EH         LINE#         689
  C:176FH         LINE#         690
  -------         ENDPROC       READ_BYTE
  C:14B2H         SYMBOL        L?0372
  C:14C0H         SYMBOL        L?0373
  C:14CCH         SYMBOL        L?0374
  -------         PROC          L?0371
  -------         ENDPROC       L?0371
  C:14B2H         SYMBOL        L?0372
  C:14C0H         SYMBOL        L?0373
  C:14CCH         SYMBOL        L?0374
  -------         PROC          _WRITE_1302
  D:0007H         SYMBOL        add
  D:0006H         SYMBOL        dat
  C:14D0H         LINE#         692
  C:14D2H         LINE#         693
  C:14D2H         LINE#         694
  C:14D2H         LINE#         695
  C:14D2H         LINE#         696
  C:14D2H         LINE#         697
  C:14D5H         LINE#         698
  C:14DAH         LINE#         699
  C:14DCH         LINE#         700
  C:14DEH         LINE#         701
  -------         ENDPROC       _WRITE_1302
  -------         PROC          _READ_1302
  D:0007H         SYMBOL        add
  -------         DO            
  D:0007H         SYMBOL        temp11
  -------         ENDDO         
  C:17A6H         LINE#         702
  C:17A6H         LINE#         703
  C:17A6H         LINE#         705
  C:17A6H         LINE#         706
  C:17A6H         LINE#         707
BL51 BANKED LINKER/LOCATER V6.22                                                      08/19/2017  14:51:00  PAGE 17


  C:17A6H         LINE#         708
  C:17A9H         LINE#         709
  C:17ACH         LINE#         710
  C:17AEH         LINE#         711
  C:17B0H         LINE#         712
  C:17B0H         LINE#         713
  -------         ENDPROC       _READ_1302
  -------         PROC          L?0387
  -------         ENDPROC       L?0387
  -------         PROC          _BCD_DECIMAL
  D:0007H         SYMBOL        bcd
  C:1773H         LINE#         715
  C:1773H         LINE#         716
  C:1773H         LINE#         719
  C:1781H         LINE#         720
  -------         ENDPROC       _BCD_DECIMAL
  -------         PROC          DS1302_INIT
  C:1782H         LINE#         723
  C:1782H         LINE#         724
  C:1782H         LINE#         725
  C:1784H         LINE#         726
  C:1786H         LINE#         728
  C:1789H         LINE#         736
  -------         ENDPROC       DS1302_INIT
  -------         PROC          _WRITE_TEMP
  D:0010H         SYMBOL        add
  D:0002H         SYMBOL        dat
  -------         DO            
  D:0002H         SYMBOL        gw
  D:0082H         SYMBOL        sw
  D:0011H         SYMBOL        bw
  -------         ENDDO         
  C:1331H         LINE#         742
  C:1337H         LINE#         743
  C:1337H         LINE#         745
  C:1346H         LINE#         746
  C:1360H         LINE#         747
  C:136FH         LINE#         748
  C:1377H         LINE#         749
  C:137FH         LINE#         750
  C:1387H         LINE#         751
  C:138CH         LINE#         752
  C:1393H         LINE#         753
  C:1398H         LINE#         754
  -------         ENDPROC       _WRITE_TEMP
  C:1591H         SYMBOL        L?0384
  -------         PROC          L?0383
  -------         ENDPROC       L?0383
  C:1591H         SYMBOL        L?0384
  -------         PROC          _WRITE_SFM
  D:0007H         SYMBOL        add
  D:0005H         SYMBOL        dat
  -------         DO            
  D:0003H         SYMBOL        gw
  D:0002H         SYMBOL        sw
  -------         ENDDO         
  C:1595H         LINE#         759
BL51 BANKED LINKER/LOCATER V6.22                                                      08/19/2017  14:51:00  PAGE 18


  C:1595H         LINE#         760
  C:1595H         LINE#         762
  C:159CH         LINE#         763
  C:15A1H         LINE#         764
  C:15A4H         LINE#         765
  C:15ABH         LINE#         766
  -------         ENDPROC       _WRITE_SFM
  C:15B2H         SYMBOL        L?0390
  -------         PROC          L?0389
  -------         ENDPROC       L?0389
  C:15B2H         SYMBOL        L?0390
  -------         PROC          _WRITE_NYR
  D:0007H         SYMBOL        add
  D:0005H         SYMBOL        dat
  -------         DO            
  D:0003H         SYMBOL        gw
  D:0002H         SYMBOL        sw
  -------         ENDDO         
  C:15B6H         LINE#         771
  C:15B6H         LINE#         772
  C:15B6H         LINE#         774
  C:15BDH         LINE#         775
  C:15C3H         LINE#         776
  C:15CAH         LINE#         777
  C:15D1H         LINE#         778
  -------         ENDPROC       _WRITE_NYR
  -------         PROC          _WRITE_NL
  D:0007H         SYMBOL        add
  D:0005H         SYMBOL        dat
  -------         DO            
  D:0003H         SYMBOL        gw
  D:0002H         SYMBOL        sw
  -------         ENDDO         
  C:16FEH         LINE#         784
  C:16FEH         LINE#         785
  C:16FEH         LINE#         790
  C:1702H         LINE#         791
  C:1706H         LINE#         792
  C:1709H         LINE#         795
  C:1710H         LINE#         796
  -------         ENDPROC       _WRITE_NL
  C:119BH         SYMBOL        L?0379
  -------         PROC          L?0378
  -------         ENDPROC       L?0378
  C:119BH         SYMBOL        L?0379
  -------         PROC          _WRITE_WEEK
  D:0003H         SYMBOL        week
  C:11A6H         LINE#         800
  C:11A8H         LINE#         801
  C:11A8H         LINE#         802
  C:11ADH         LINE#         803
  C:11CFH         LINE#         804
  C:11CFH         LINE#         805
  C:11D4H         LINE#         806
  C:11D6H         LINE#         807
  C:11D6H         LINE#         808
  C:11D8H         LINE#         810
BL51 BANKED LINKER/LOCATER V6.22                                                      08/19/2017  14:51:00  PAGE 19


  C:11DDH         LINE#         811
  C:11E2H         LINE#         812
  C:11E4H         LINE#         813
  C:11E6H         LINE#         815
  C:11EBH         LINE#         816
  C:11F0H         LINE#         817
  C:11F2H         LINE#         818
  C:11F4H         LINE#         820
  C:11F9H         LINE#         821
  C:11FEH         LINE#         822
  C:1200H         LINE#         823
  C:1202H         LINE#         825
  C:1207H         LINE#         826
  C:120CH         LINE#         827
  C:120EH         LINE#         828
  C:1210H         LINE#         830
  C:1215H         LINE#         831
  C:121AH         LINE#         832
  C:121CH         LINE#         833
  C:121EH         LINE#         835
  C:1223H         LINE#         836
  C:1228H         LINE#         837
  C:122DH         LINE#         838
  C:122DH         LINE#         839
  C:122DH         LINE#         840
  -------         ENDPROC       _WRITE_WEEK
  -------         PROC          KEYSCAN
  C:001EH         LINE#         844
  C:001EH         LINE#         845
  C:001EH         LINE#         846
  C:002FH         LINE#         847
  C:0031H         LINE#         848
  C:0034H         LINE#         849
  C:0034H         LINE#         850
  C:0043H         LINE#         851
  C:0045H         LINE#         852
  C:0046H         LINE#         853
  C:004CH         LINE#         854
  C:004CH         LINE#         855
  C:004FH         LINE#         856
  C:004FH         LINE#         857
  C:0056H         LINE#         858
  C:0059H         LINE#         859
  C:0059H         LINE#         860
  C:005BH         LINE#         861
  C:005EH         LINE#         863
  C:0066H         LINE#         864
  C:0066H         LINE#         865
  C:0066H         LINE#         866
  C:0069H         LINE#         867
  C:006BH         LINE#         869
  C:006EH         LINE#         870
  C:006EH         LINE#         871
  C:0070H         LINE#         872
  C:0072H         LINE#         874
  C:0072H         LINE#         875
  C:0074H         LINE#         876
BL51 BANKED LINKER/LOCATER V6.22                                                      08/19/2017  14:51:00  PAGE 20


  C:0076H         LINE#         877
  C:007BH         LINE#         878
  C:007BH         LINE#         879
  C:007EH         LINE#         880
  C:0080H         LINE#         881
  C:0082H         LINE#         882
  C:0082H         LINE#         883
  C:0082H         LINE#         884
  C:0082H         LINE#         885
  C:0085H         LINE#         886
  C:0085H         LINE#         887
  C:0085H         LINE#         890
  C:008BH         LINE#         891
  C:008BH         LINE#         892
  C:0092H         LINE#         893
  C:0098H         LINE#         894
  C:0098H         LINE#         895
  C:0098H         LINE#         896
  C:0098H         LINE#         898
  C:0098H         LINE#         899
  C:009BH         LINE#         900
  C:009DH         LINE#         901
  C:00A0H         LINE#         902
  C:00A9H         LINE#         903
  C:00A9H         LINE#         904
  C:00ABH         LINE#         905
  C:00B0H         LINE#         906
  C:00B0H         LINE#         907
  C:00B3H         LINE#         908
  C:00B5H         LINE#         910
  C:00B5H         LINE#         911
  C:00C7H         LINE#         912
  C:00C7H         LINE#         913
  C:00C7H         LINE#         914
  C:00CCH         LINE#         915
  C:00D1H         LINE#         916
  C:00D4H         LINE#         917
  C:00F0H         LINE#         919
  C:00F0H         LINE#         920
  C:00F3H         LINE#         921
  C:00F8H         LINE#         922
  C:00FDH         LINE#         923
  C:00FDH         LINE#         924
  C:00FDH         LINE#         925
  C:00FDH         LINE#         926
  C:00FDH         LINE#         927
  C:00FFH         LINE#         937
  C:00FFH         LINE#         938
  C:0101H         LINE#         939
  C:0101H         LINE#         940
  C:0103H         LINE#         941
  C:0103H         LINE#         942
  C:0105H         LINE#         943
  C:0105H         LINE#         944
  C:0107H         LINE#         945
  C:0107H         LINE#         946
  C:010CH         LINE#         947
BL51 BANKED LINKER/LOCATER V6.22                                                      08/19/2017  14:51:00  PAGE 21


  C:0111H         LINE#         948
  C:0116H         LINE#         949
  C:0116H         LINE#         950
  C:0119H         LINE#         951
  C:011EH         LINE#         952
  C:0120H         LINE#         953
  C:0122H         LINE#         955
  C:0122H         LINE#         956
  C:0125H         LINE#         957
  C:012AH         LINE#         958
  C:012FH         LINE#         959
  C:012FH         LINE#         960
  C:0132H         LINE#         961
  C:0132H         LINE#         962
  C:0132H         LINE#         965
  C:0132H         LINE#         966
  C:0136H         LINE#         967
  C:0136H         LINE#         968
  C:0138H         LINE#         969
  C:013DH         LINE#         970
  C:0140H         LINE#         971
  C:0163H         LINE#         972
  C:0163H         LINE#         973
  C:0165H         LINE#         975
  C:016AH         LINE#         976
  C:016CH         LINE#         981
  C:016EH         LINE#         982
  C:016EH         LINE#         983
  C:0170H         LINE#         985
  C:0172H         LINE#         986
  C:0172H         LINE#         987
  C:0174H         LINE#         989
  C:0176H         LINE#         993
  C:0178H         LINE#         995
  C:017AH         LINE#         996
  C:017CH         LINE#         998
  C:017EH         LINE#         999
  C:0183H         LINE#         1001
  C:0185H         LINE#         1002
  C:0185H         LINE#         1003
  C:018AH         LINE#         1004
  C:018CH         LINE#         1005
  C:018CH         LINE#         1006
  C:018FH         LINE#         1007
  C:0196H         LINE#         1008
  C:019DH         LINE#         1009
  C:019DH         LINE#         1010
  C:019DH         LINE#         1011
  C:019DH         LINE#         1012
  C:019DH         LINE#         1013
  C:019DH         LINE#         1014
  C:019DH         LINE#         1016
  C:01ABH         LINE#         1017
  C:01ABH         LINE#         1018
  C:01B1H         LINE#         1019
  C:01B1H         LINE#         1020
  C:01B7H         LINE#         1021
BL51 BANKED LINKER/LOCATER V6.22                                                      08/19/2017  14:51:00  PAGE 22


  C:01BDH         LINE#         1022
  C:01BDH         LINE#         1023
  C:01BDH         LINE#         1024
  C:01BDH         LINE#         1026
  C:01BDH         LINE#         1027
  C:01C0H         LINE#         1028
  C:01C2H         LINE#         1029
  C:01C5H         LINE#         1030
  C:01E7H         LINE#         1031
  C:01E7H         LINE#         1032
  C:01E9H         LINE#         1033
  C:01F2H         LINE#         1034
  C:01F5H         LINE#         1035
  C:01F5H         LINE#         1036
  C:01F5H         LINE#         1037
  C:01F8H         LINE#         1038
  C:01FFH         LINE#         1039
  C:0206H         LINE#         1040
  C:0208H         LINE#         1042
  C:020BH         LINE#         1043
  C:020DH         LINE#         1044
  C:0216H         LINE#         1045
  C:0219H         LINE#         1046
  C:0220H         LINE#         1047
  C:022EH         LINE#         1048
  C:0231H         LINE#         1049
  C:0238H         LINE#         1050
  C:023FH         LINE#         1051
  C:0241H         LINE#         1052
  C:0244H         LINE#         1053
  C:0246H         LINE#         1054
  C:024FH         LINE#         1055
  C:0252H         LINE#         1056
  C:0259H         LINE#         1057
  C:0267H         LINE#         1058
  C:026AH         LINE#         1059
  C:0271H         LINE#         1060
  C:0278H         LINE#         1061
  C:027AH         LINE#         1062
  C:027DH         LINE#         1076
  C:027FH         LINE#         1077
  C:0288H         LINE#         1078
  C:028BH         LINE#         1079
  C:028BH         LINE#         1080
  C:028EH         LINE#         1081
  C:0291H         LINE#         1082
  C:029FH         LINE#         1083
  C:02A2H         LINE#         1084
  C:02A9H         LINE#         1085
  C:02B0H         LINE#         1086
  C:02B2H         LINE#         1088
  C:02B5H         LINE#         1089
  C:02B7H         LINE#         1090
  C:02C0H         LINE#         1091
  C:02C3H         LINE#         1092
  C:02C3H         LINE#         1093
  C:02C6H         LINE#         1094
BL51 BANKED LINKER/LOCATER V6.22                                                      08/19/2017  14:51:00  PAGE 23


  C:02CDH         LINE#         1095
  C:02DBH         LINE#         1096
  C:02DEH         LINE#         1097
  C:02E5H         LINE#         1098
  C:02ECH         LINE#         1099
  C:02EEH         LINE#         1101
  C:02F0H         LINE#         1102
  C:02F2H         LINE#         1103
  C:02FBH         LINE#         1104
  C:02FEH         LINE#         1105
  C:02FEH         LINE#         1106
  C:0301H         LINE#         1107
  C:0308H         LINE#         1108
  C:0316H         LINE#         1109
  C:0319H         LINE#         1110
  C:0320H         LINE#         1111
  C:0327H         LINE#         1112
  C:032CH         LINE#         1114
  C:032CH         LINE#         1115
  C:032CH         LINE#         1116
  C:032CH         LINE#         1118
  C:032CH         LINE#         1120
  C:0332H         LINE#         1121
  C:0332H         LINE#         1122
  C:0339H         LINE#         1123
  C:033FH         LINE#         1124
  C:033FH         LINE#         1125
  C:033FH         LINE#         1126
  C:033FH         LINE#         1128
  C:033FH         LINE#         1129
  C:0342H         LINE#         1130
  C:0344H         LINE#         1131
  C:0347H         LINE#         1132
  C:0369H         LINE#         1133
  C:0369H         LINE#         1134
  C:0369H         LINE#         1135
  C:036BH         LINE#         1136
  C:0374H         LINE#         1137
  C:0377H         LINE#         1138
  C:0377H         LINE#         1139
  C:0377H         LINE#         1140
  C:037AH         LINE#         1141
  C:0381H         LINE#         1142
  C:0388H         LINE#         1143
  C:038AH         LINE#         1145
  C:038DH         LINE#         1146
  C:038DH         LINE#         1147
  C:038FH         LINE#         1148
  C:0398H         LINE#         1149
  C:039BH         LINE#         1150
  C:03A2H         LINE#         1151
  C:03B0H         LINE#         1152
  C:03B3H         LINE#         1153
  C:03BAH         LINE#         1154
  C:03C1H         LINE#         1155
  C:03C3H         LINE#         1156
  C:03C6H         LINE#         1158
BL51 BANKED LINKER/LOCATER V6.22                                                      08/19/2017  14:51:00  PAGE 24


  C:03C6H         LINE#         1159
  C:03C8H         LINE#         1160
  C:03D1H         LINE#         1161
  C:03D4H         LINE#         1162
  C:03DBH         LINE#         1163
  C:03E9H         LINE#         1164
  C:03ECH         LINE#         1165
  C:03F3H         LINE#         1166
  C:03FAH         LINE#         1167
  C:03FCH         LINE#         1168
  C:03FFH         LINE#         1183
  C:03FFH         LINE#         1184
  C:0401H         LINE#         1185
  C:040AH         LINE#         1186
  C:040DH         LINE#         1187
  C:040DH         LINE#         1188
  C:0410H         LINE#         1189
  C:0413H         LINE#         1190
  C:0421H         LINE#         1191
  C:0424H         LINE#         1192
  C:042BH         LINE#         1193
  C:0432H         LINE#         1194
  C:0434H         LINE#         1195
  C:0437H         LINE#         1196
  C:0437H         LINE#         1197
  C:0439H         LINE#         1198
  C:0442H         LINE#         1199
  C:0445H         LINE#         1200
  C:0445H         LINE#         1201
  C:0448H         LINE#         1202
  C:044FH         LINE#         1203
  C:045DH         LINE#         1204
  C:0460H         LINE#         1205
  C:0467H         LINE#         1206
  C:046EH         LINE#         1207
  C:0470H         LINE#         1209
  C:0472H         LINE#         1210
  C:0472H         LINE#         1211
  C:0474H         LINE#         1212
  C:047DH         LINE#         1213
  C:0480H         LINE#         1214
  C:0480H         LINE#         1215
  C:0483H         LINE#         1216
  C:048AH         LINE#         1217
  C:0498H         LINE#         1218
  C:049BH         LINE#         1219
  C:04A2H         LINE#         1220
  C:04A9H         LINE#         1221
  C:04AEH         LINE#         1222
  C:04AEH         LINE#         1224
  C:04AEH         LINE#         1225
  C:04AEH         LINE#         1226
  C:04AEH         LINE#         1227
  C:04AEH         LINE#         1228
  C:04BCH         LINE#         1229
  C:04BCH         LINE#         1230
  C:04BFH         LINE#         1231
BL51 BANKED LINKER/LOCATER V6.22                                                      08/19/2017  14:51:00  PAGE 25


  C:04BFH         LINE#         1232
  C:04C5H         LINE#         1233
  C:04C8H         LINE#         1234
  C:04C8H         LINE#         1235
  C:04C8H         LINE#         1236
  C:04C8H         LINE#         1238
  C:04C8H         LINE#         1239
  C:04CBH         LINE#         1240
  C:04CDH         LINE#         1241
  C:04D0H         LINE#         1242
  C:04DBH         LINE#         1243
  C:04DBH         LINE#         1244
  C:04DBH         LINE#         1245
  C:04DDH         LINE#         1246
  C:04E2H         LINE#         1247
  C:04E7H         LINE#         1248
  C:04E7H         LINE#         1249
  C:04EAH         LINE#         1250
  C:04EFH         LINE#         1251
  C:04F1H         LINE#         1252
  C:04F3H         LINE#         1254
  C:04F3H         LINE#         1255
  C:04F6H         LINE#         1256
  C:04FBH         LINE#         1257
  C:0500H         LINE#         1258
  C:0500H         LINE#         1259
  C:0502H         LINE#         1260
  C:0502H         LINE#         1261
  C:0504H         LINE#         1262
  C:050DH         LINE#         1263
  C:0510H         LINE#         1264
  C:0513H         LINE#         1265
  C:0515H         LINE#         1266
  C:0517H         LINE#         1267
  C:0517H         LINE#         1268
  C:0519H         LINE#         1269
  C:0522H         LINE#         1270
  C:0525H         LINE#         1271
  C:052CH         LINE#         1272
  C:0531H         LINE#         1273
  C:0531H         LINE#         1274
  C:0531H         LINE#         1275
  C:0534H         LINE#         1276
  C:0534H         LINE#         1278
  C:0534H         LINE#         1280
  C:0537H         LINE#         1281
  C:0537H         LINE#         1282
  C:053EH         LINE#         1283
  C:0541H         LINE#         1284
  C:0541H         LINE#         1285
  C:0541H         LINE#         1286
  C:0541H         LINE#         1288
  C:0541H         LINE#         1289
  C:0544H         LINE#         1290
  C:0546H         LINE#         1291
  C:0549H         LINE#         1292
  C:0554H         LINE#         1293
BL51 BANKED LINKER/LOCATER V6.22                                                      08/19/2017  14:51:00  PAGE 26


  C:0554H         LINE#         1294
  C:0554H         LINE#         1295
  C:0556H         LINE#         1296
  C:055BH         LINE#         1297
  C:0560H         LINE#         1298
  C:0560H         LINE#         1299
  C:0563H         LINE#         1300
  C:0568H         LINE#         1301
  C:056AH         LINE#         1302
  C:056CH         LINE#         1304
  C:056CH         LINE#         1305
  C:056FH         LINE#         1306
  C:0574H         LINE#         1307
  C:0579H         LINE#         1308
  C:0579H         LINE#         1309
  C:057BH         LINE#         1310
  C:057BH         LINE#         1311
  C:057DH         LINE#         1312
  C:0586H         LINE#         1313
  C:0589H         LINE#         1314
  C:058CH         LINE#         1315
  C:058EH         LINE#         1316
  C:0590H         LINE#         1318
  C:0590H         LINE#         1319
  C:0592H         LINE#         1320
  C:059BH         LINE#         1321
  C:059EH         LINE#         1322
  C:05A5H         LINE#         1323
  C:05AAH         LINE#         1324
  C:05AAH         LINE#         1325
  C:05AAH         LINE#         1326
  C:05ADH         LINE#         1327
  C:05ADH         LINE#         1328
  C:05ADH         LINE#         1329
  C:05ADH         LINE#         1330
  C:05ADH         LINE#         1331
  -------         ENDPROC       KEYSCAN
  -------         PROC          INIT
  C:165AH         LINE#         1334
  C:165AH         LINE#         1335
  C:165AH         LINE#         1336
  C:165DH         LINE#         1337
  C:1660H         LINE#         1338
  C:1662H         LINE#         1339
  C:1665H         LINE#         1340
  C:1668H         LINE#         1341
  C:166AH         LINE#         1342
  C:166CH         LINE#         1343
  C:166EH         LINE#         1344
  C:1670H         LINE#         1345
  C:1672H         LINE#         1346
  C:1674H         LINE#         1347
  C:1676H         LINE#         1348
  -------         ENDPROC       INIT
  -------         PROC          ALARM
  C:1407H         LINE#         1351
  C:1407H         LINE#         1352
BL51 BANKED LINKER/LOCATER V6.22                                                      08/19/2017  14:51:00  PAGE 27


  C:1407H         LINE#         1353
  C:1418H         LINE#         1354
  C:1418H         LINE#         1355
  C:141AH         LINE#         1356
  C:141AH         LINE#         1357
  C:143FH         LINE#         1358
  C:143FH         LINE#         1359
  C:1441H         LINE#         1360
  C:1443H         LINE#         1361
  C:1443H         LINE#         1362
  C:1455H         LINE#         1363
  C:1455H         LINE#         1364
  C:1457H         LINE#         1365
  C:1459H         LINE#         1366
  C:145BH         LINE#         1367
  C:145BH         LINE#         1368
  -------         ENDPROC       ALARM
  -------         PROC          ZD_BAOSHI
  C:172FH         LINE#         1371
  C:172FH         LINE#         1372
  C:172FH         LINE#         1373
  C:1731H         LINE#         1374
  C:1738H         LINE#         1375
  C:173AH         LINE#         1376
  C:173CH         LINE#         1377
  C:1741H         LINE#         1378
  C:1741H         LINE#         1379
  C:1744H         LINE#         1380
  C:1746H         LINE#         1381
  C:1746H         LINE#         1382
  -------         ENDPROC       ZD_BAOSHI
  -------         PROC          MAIN
  C:12BAH         LINE#         1386
  C:12BAH         LINE#         1387
  C:12BAH         LINE#         1388
  C:12BDH         LINE#         1389
  C:12C0H         LINE#         1390
  C:12CDH         LINE#         1392
  C:12D0H         LINE#         1393
  C:12D3H         LINE#         1394
  C:12D6H         LINE#         1395
  C:12D8H         LINE#         1396
  C:12DAH         LINE#         1397
  C:12E1H         LINE#         1398
  C:12E3H         LINE#         1399
  C:12E6H         LINE#         1400
  C:12E6H         LINE#         1401
  C:12E6H         LINE#         1402
  C:12E9H         LINE#         1403
  C:12EDH         LINE#         1404
  C:12F0H         LINE#         1405
  C:12F3H         LINE#         1406
  C:12FBH         LINE#         1407
  C:12FBH         LINE#         1408
  C:1304H         LINE#         1409
  C:130CH         LINE#         1411
  C:130CH         LINE#         1412
BL51 BANKED LINKER/LOCATER V6.22                                                      08/19/2017  14:51:00  PAGE 28


  C:1310H         LINE#         1413
  C:1315H         LINE#         1415
  C:1318H         LINE#         1416
  C:1318H         LINE#         1417
  C:131BH         LINE#         1418
  C:131DH         LINE#         1419
  C:131DH         LINE#         1420
  C:1320H         LINE#         1421
  C:1320H         LINE#         1422
  C:1323H         LINE#         1424
  C:1326H         LINE#         1425
  C:132CH         LINE#         1426
  C:132FH         LINE#         1427
  C:132FH         LINE#         1428
  -------         ENDPROC       MAIN
  -------         PROC          TIMER0
  -------         DO            
  D:000CH         SYMBOL        nian_temp
  D:000EH         SYMBOL        temp12
  -------         ENDDO         
  C:0BD0H         LINE#         1430
  C:0BEDH         LINE#         1437
  C:0BF4H         LINE#         1438
  C:0BFBH         LINE#         1439
  C:0C05H         LINE#         1440
  C:0C0FH         LINE#         1441
  C:0C19H         LINE#         1442
  C:0C23H         LINE#         1444
  C:0C26H         LINE#         1445
  C:0C26H         LINE#         1446
  C:0C2CH         LINE#         1447
  C:0C2CH         LINE#         1448
  C:0C2FH         LINE#         1449
  C:0C31H         LINE#         1450
  C:0C31H         LINE#         1451
  C:0C36H         LINE#         1452
  C:0C36H         LINE#         1453
  C:0C38H         LINE#         1454
  C:0C3BH         LINE#         1455
  C:0C3BH         LINE#         1456
  C:0C3BH         LINE#         1459
  C:0C44H         LINE#         1460
  C:0C44H         LINE#         1462
  C:0C4EH         LINE#         1463
  C:0C6CH         LINE#         1464
  C:0C8EH         LINE#         1465
  C:0C92H         LINE#         1467
  C:0C94H         LINE#         1468
  C:0CA2H         LINE#         1469
  C:0CA7H         LINE#         1470
  C:0CAAH         LINE#         1471
  C:0CAAH         LINE#         1472
  C:0CB4H         LINE#         1473
  C:0CBDH         LINE#         1475
  C:0CC7H         LINE#         1476
  C:0CD2H         LINE#         1478
  C:0CD9H         LINE#         1479
BL51 BANKED LINKER/LOCATER V6.22                                                      08/19/2017  14:51:00  PAGE 29


  C:0CE0H         LINE#         1480
  C:0CE7H         LINE#         1483
  C:0CEAH         LINE#         1484
  C:0CF0H         LINE#         1486
  C:0CF5H         LINE#         1487
  C:0CF8H         LINE#         1488
  C:0CF8H         LINE#         1489
  C:0D09H         LINE#         1490
  C:0D14H         LINE#         1492
  C:0D19H         LINE#         1493
  C:0D1CH         LINE#         1494
  C:0D1CH         LINE#         1495
  C:0D1FH         LINE#         1496
  C:0D2AH         LINE#         1497
  C:0D2AH         LINE#         1499
  C:0D33H         LINE#         1500
  C:0D33H         LINE#         1501
  C:0D38H         LINE#         1502
  C:0D3BH         LINE#         1503
  C:0D57H         LINE#         1505
  C:0D57H         LINE#         1506
  C:0D5AH         LINE#         1507
  C:0D5FH         LINE#         1508
  C:0D64H         LINE#         1509
  C:0D64H         LINE#         1510
  C:0D67H         LINE#         1511
  C:0D6CH         LINE#         1512
  C:0D6EH         LINE#         1513
  C:0D70H         LINE#         1515
  C:0D70H         LINE#         1516
  C:0D73H         LINE#         1517
  C:0D78H         LINE#         1518
  C:0D7DH         LINE#         1519
  C:0D7DH         LINE#         1522
  C:0D80H         LINE#         1523
  C:0D86H         LINE#         1525
  C:0D8BH         LINE#         1526
  C:0D8EH         LINE#         1527
  C:0D8EH         LINE#         1528
  C:0D9FH         LINE#         1529
  C:0DAAH         LINE#         1531
  C:0DAFH         LINE#         1532
  C:0DB2H         LINE#         1533
  C:0DB2H         LINE#         1534
  C:0DB5H         LINE#         1535
  C:0DC2H         LINE#         1536
  C:0DC2H         LINE#         1540
  C:0DC2H         LINE#         1542
  C:0DC2H         LINE#         1543
  C:0DC2H         LINE#         1544
  C:0DCFH         LINE#         1545
  C:0DD7H         LINE#         1546
  C:0DD9H         LINE#         1548
  C:0DD9H         LINE#         1549
  C:0DD9H         LINE#         1550
  C:0DD9H         LINE#         1551
  C:0DD9H         LINE#         1552
BL51 BANKED LINKER/LOCATER V6.22                                                      08/19/2017  14:51:00  PAGE 30


  C:0DD9H         LINE#         1554
  C:0DD9H         LINE#         1555
  C:0DE0H         LINE#         1556
  C:0DE7H         LINE#         1557
  C:0DEEH         LINE#         1558
  C:0DEEH         LINE#         1560
  C:0DF1H         LINE#         1561
  C:0DF8H         LINE#         1562
  C:0DFFH         LINE#         1563
  C:0DFFH         LINE#         1564
  C:0E02H         LINE#         1565
  -------         ENDPROC       TIMER0
  -------         PROC          TIMER1
  C:16AFH         LINE#         1570
  C:16B3H         LINE#         1572
  C:16B6H         LINE#         1573
  C:16B9H         LINE#         1575
  C:16BBH         LINE#         1576
  C:16C0H         LINE#         1577
  C:16C0H         LINE#         1578
  C:16C3H         LINE#         1579
  C:16C5H         LINE#         1580
  C:16C5H         LINE#         1581
  -------         ENDPROC       TIMER1
  -------         ENDMOD        万年繽程序LCD1602

  -------         MODULE        ?C?FPADD
  C:05B5H         PUBLIC        ?C?FPADD
  C:05B1H         PUBLIC        ?C?FPSUB
  -------         ENDMOD        ?C?FPADD

  -------         MODULE        ?C?FPMUL
  C:06A6H         PUBLIC        ?C?FPMUL
  -------         ENDMOD        ?C?FPMUL

  -------         MODULE        ?C?FCAST
  C:07B6H         PUBLIC        ?C?FCASTC
  C:07B1H         PUBLIC        ?C?FCASTI
  C:07ACH         PUBLIC        ?C?FCASTL
  -------         ENDMOD        ?C?FCAST

  -------         MODULE        ?C?CASTF
  C:07EAH         PUBLIC        ?C?CASTF
  -------         ENDMOD        ?C?CASTF

  -------         MODULE        ?C?SCDIV
  C:086BH         PUBLIC        ?C?SCDIV
  -------         ENDMOD        ?C?SCDIV

  -------         MODULE        ?C?IMUL
  C:088DH         PUBLIC        ?C?IMUL
  -------         ENDMOD        ?C?IMUL

  -------         MODULE        ?C?UIDIV
  C:089FH         PUBLIC        ?C?UIDIV
  -------         ENDMOD        ?C?UIDIV

BL51 BANKED LINKER/LOCATER V6.22                                                      08/19/2017  14:51:00  PAGE 31


  -------         MODULE        ?C?LNEG
  C:08F4H         PUBLIC        ?C?LNEG
  -------         ENDMOD        ?C?LNEG

*** WARNING L15: MULTIPLE CALL TO SEGMENT
    SEGMENT: ?PR?READTEMPERATURE?万年繽程序LCD1602
    CALLER1: ?C_C51STARTUP
    CALLER2: ?PR?TIMER0?万年繽程序LCD1602

Program Size: data=53.1 xdata=0 code=6076
LINK/LOCATE RUN COMPLETE.  1 WARNING(S),  0 ERROR(S)
